// Jest Snapshot v1, https://goo.gl/fbAQLP

exports[`App should render the Home component for the "/" route 1`] = `
<nav
  class="nav"
>
  <h1>
    Math Magicians
  </h1>
  <ul>
    <li>
      <a
        aria-current="page"
        class="active"
        href="/"
      >
        Home
      </a>
    </li>
    |
    <li>
      <a
        class="none"
        href="/calculator"
      >
        Calculator
      </a>
    </li>
    |
    <li>
      <a
        class="none"
        href="/quotes"
      >
        Quotes
      </a>
    </li>
  </ul>
</nav>
`;
