// Jest Snapshot v1, https://goo.gl/fbAQLP

exports[`Buttons matches the snapshot 1`] = `
<DocumentFragment>
  <button
    class="button"
    id="my-button"
    type="button"
  >
    Click Me
  </button>
</DocumentFragment>
`;
