// Jest Snapshot v1, https://goo.gl/fbAQLP

exports[`Upper renders the correct text 1`] = `
<span
  class="input"
>
  1 + 2
</span>
`;
